{"kind": "pipeline", "type": "docker", "name": "sample", "steps": {"name": "Example step", "image": "plugins/some-test-plugin"}}