---
{"kind": "pipeline", "type": "docker", "name": "pipeline1"}
---
{"kind": "pipeline", "type": "docker", "name": "pipeline2"}
